
=== 受け入れ 1（PDF 照合の代替）: 2026/09/01–10/10 で描画 ===
   PDF 1 頁目と 23 工程を突き合わせる（照合は tools/compare-pdf.py が担当）。
PASS  工程 23 件を読み込んだ  — 23 件
PASS  見出し 124 列を読み込んだ  — 124 列
PASS  23 件すべてを描画した  — 描画 23 / 除外 0
      SVG 検査: 326/326 OK
PASS  SVG 検査が全件 OK
      SVG 検査(PDF期間): 326/326 OK
PASS  PDF と同じ期間でも SVG 検査が全件 OK

=== 受け入れ 2（画面スクショ照合の代替）: 2026/09/01–09/30 ===
      SVG 検査: 304/304 OK
PASS  SVG 検査が全件 OK
      描画 21 件 / 期間外で除外 2 件

=== 受け入れ 3: xlsx を書き出して読み戻し検査 ===
   ※ 01_設計A 6 章は未提供なので、検査項目は共通仕様 4 章・6〜7 章と設計B 5.3 から導いた。
      xlsx 検査: 23/23 OK
PASS  xlsx 検査が全件 OK
PASS  xlsx バッファを生成した
PASS  ファイル名が <CSV名>_<Start>-<End>.xlsx  — サポートルーム_サンプル工程表_20260901-20261010.xlsx
PASS  xlsx が ZIP として妥当  — 18401 bytes
      書き出し: out/サポートルーム_サンプル工程表_20260901-20261010.xlsx (18401 bytes)

=== 受け入れ 4: 工程行を複製して 24 本にした CSV ===
PASS  工程 24 件を読み込んだ  — 24 件
PASS  24 件すべてを描画した  — 描画 24
      SVG 検査: 342/342 OK
PASS  SVG 検査が全件 OK
      xlsx 検査: 23/23 OK
PASS  xlsx 検査が全件 OK

=== 追加検査: 合成 CSV（日付・色・IDが全て別物）でも動く ===
   共通仕様 禁止事項 1「サンプル固有値をコードに埋めない」の確認。
PASS  合成 CSV も 23 件描画した  — 描画 23
      SVG 検査: 332/332 OK
PASS  合成 CSV で SVG 検査が全件 OK
      xlsx 検査: 23/23 OK
PASS  合成 CSV で xlsx 検査が全件 OK

=== 受け入れ 5: file:// ＋ オフラインで全機能が動く ===
PASS  file:// で開いた  — file:///home/user/C-bet/ganett/GaNett%E5%B7%A5%E7%A8%8B%E8%A1%A8%E3%83%84%E3%83%BC%E3%83%AB.html
PASS  外部通信が 1 本も出ていない  — 0 本
PASS  JS エラーが出ていない

=== 追加検査: 異常系 ===
PASS  必須列が無い CSV はエラーになる  — CSV: 必須列がありません → 工程線の形状
PASS  フックが生きている

ALL PASS
