OK	P0001	path の d が解析できること	9 区間
OK	P0001	始点 x ＝ dayIndex(開始日)×DAY_W	実測 0 / 期待 0
OK	P0001	始点 y ＝ 開始行の中央	実測 238 / 期待 238
OK	P0001	終点 x ＝ (dayIndex(終了日)+1)×DAY_W	実測 192 / 期待 192
OK	P0001	終点 y ＝ 終了行の中央	実測 182 / 期待 182
OK	P0001	区間が連続していること	
OK	P0001	土日区間が点線・稼働日区間が実線であること	8 区間を検査
OK	P0001	矢印の有無が 工程線の矢印 と一致	CSV=arrow / 実測=あり
OK	P0001	線色が 工程線の色 と一致	#1f77b4
OK	P0001	線の太さが 工程線の太さ と一致	2
OK	P0001	開始ノード丸の有無が 開始日ノード形状 と一致	CSV=(空) / 実測=あり
OK	P0001	終了ノード丸の有無が 終了日ノード形状 と一致	CSV=(空) / 実測=あり
OK	P0001	開始ノード丸の位置	(0, 238) / 期待 (0, 238)
OK	P0001	終了ノード丸の位置	(192, 182) / 期待 (192, 182)
OK	P0001	工程線名が描かれていること	A1
OK	P0001	文字サイズ ＝ textSize L	16
OK	P0002	path の d が解析できること	10 区間
OK	P0002	始点 x ＝ dayIndex(開始日)×DAY_W	実測 192 / 期待 192
OK	P0002	始点 y ＝ 開始行の中央	実測 182 / 期待 182
OK	P0002	終点 x ＝ (dayIndex(終了日)+1)×DAY_W	実測 408 / 期待 408
OK	P0002	終点 y ＝ 終了行の中央	実測 126 / 期待 126
OK	P0002	区間が連続していること	
OK	P0002	土日区間が点線・稼働日区間が実線であること	9 区間を検査
OK	P0002	矢印の有無が 工程線の矢印 と一致	CSV=arrow / 実測=あり
OK	P0002	線色が 工程線の色 と一致	#1f77b4
OK	P0002	線の太さが 工程線の太さ と一致	2
OK	P0002	開始ノード丸の有無が 開始日ノード形状 と一致	CSV=(空) / 実測=あり
OK	P0002	終了ノード丸の有無が 終了日ノード形状 と一致	CSV=(空) / 実測=あり
OK	P0002	開始ノード丸の位置	(192, 182) / 期待 (192, 182)
OK	P0002	終了ノード丸の位置	(408, 126) / 期待 (408, 126)
OK	P0002	工程線名が描かれていること	A2
OK	P0002	文字サイズ ＝ textSize M	13
OK	P0003	path の d が解析できること	9 区間
OK	P0003	始点 x ＝ dayIndex(開始日)×DAY_W	実測 408 / 期待 408
OK	P0003	始点 y ＝ 開始行の中央	実測 126 / 期待 126
OK	P0003	終点 x ＝ (dayIndex(終了日)+1)×DAY_W	実測 600 / 期待 600
OK	P0003	終点 y ＝ 終了行の中央	実測 154 / 期待 154
OK	P0003	区間が連続していること	
OK	P0003	土日区間が点線・稼働日区間が実線であること	8 区間を検査
OK	P0003	矢印の有無が 工程線の矢印 と一致	CSV=arrow / 実測=あり
OK	P0003	線色が 工程線の色 と一致	#1f77b4
OK	P0003	線の太さが 工程線の太さ と一致	2
OK	P0003	開始ノード丸の有無が 開始日ノード形状 と一致	CSV=(空) / 実測=あり
OK	P0003	終了ノード丸の有無が 終了日ノード形状 と一致	CSV=(空) / 実測=あり
OK	P0003	開始ノード丸の位置	(408, 126) / 期待 (408, 126)
OK	P0003	終了ノード丸の位置	(600, 154) / 期待 (600, 154)
OK	P0003	工程線名が描かれていること	A3
OK	P0003	文字サイズ ＝ textSize M	13
OK	P0004	path の d が解析できること	10 区間
OK	P0004	始点 x ＝ dayIndex(開始日)×DAY_W	実測 24 / 期待 24
OK	P0004	始点 y ＝ 開始行の中央	実測 350 / 期待 350
OK	P0004	終点 x ＝ (dayIndex(終了日)+1)×DAY_W	実測 240 / 期待 240
OK	P0004	終点 y ＝ 終了行の中央	実測 294 / 期待 294
OK	P0004	区間が連続していること	
OK	P0004	土日区間が点線・稼働日区間が実線であること	9 区間を検査
OK	P0004	矢印の有無が 工程線の矢印 と一致	CSV=arrow / 実測=あり
OK	P0004	線色が 工程線の色 と一致	#d62728
OK	P0004	線の太さが 工程線の太さ と一致	2
OK	P0004	開始ノード丸の有無が 開始日ノード形状 と一致	CSV=(空) / 実測=あり
OK	P0004	終了ノード丸の有無が 終了日ノード形状 と一致	CSV=(空) / 実測=あり
OK	P0004	開始ノード丸の位置	(24, 350) / 期待 (24, 350)
OK	P0004	終了ノード丸の位置	(240, 294) / 期待 (240, 294)
OK	P0004	工程線名が描かれていること	B1
OK	P0004	文字サイズ ＝ textSize M	13
OK	P0005	path の d が解析できること	11 区間
OK	P0005	始点 x ＝ dayIndex(開始日)×DAY_W	実測 240 / 期待 240
OK	P0005	始点 y ＝ 開始行の中央	実測 294 / 期待 294
OK	P0005	終点 x ＝ (dayIndex(終了日)+1)×DAY_W	実測 504 / 期待 504
OK	P0005	終点 y ＝ 終了行の中央	実測 406 / 期待 406
OK	P0005	区間が連続していること	
OK	P0005	土日区間が点線・稼働日区間が実線であること	11 区間を検査
OK	P0005	矢印の有無が 工程線の矢印 と一致	CSV=arrow / 実測=あり
OK	P0005	線色が 工程線の色 と一致	#d62728
OK	P0005	線の太さが 工程線の太さ と一致	2
OK	P0005	開始ノード丸の有無が 開始日ノード形状 と一致	CSV=(空) / 実測=あり
OK	P0005	終了ノード丸の有無が 終了日ノード形状 と一致	CSV=(空) / 実測=あり
OK	P0005	開始ノード丸の位置	(240, 294) / 期待 (240, 294)
OK	P0005	終了ノード丸の位置	(504, 406) / 期待 (504, 406)
OK	P0005	工程線名が描かれていること	B2
OK	P0005	文字サイズ ＝ textSize M	13
OK	P0006	path の d が解析できること	12 区間
OK	P0006	始点 x ＝ dayIndex(開始日)×DAY_W	実測 504 / 期待 504
OK	P0006	始点 y ＝ 開始行の中央	実測 406 / 期待 406
OK	P0006	終点 x ＝ (dayIndex(終了日)+1)×DAY_W	実測 768 / 期待 768
OK	P0006	終点 y ＝ 終了行の中央	実測 322 / 期待 322
OK	P0006	区間が連続していること	
OK	P0006	土日区間が点線・稼働日区間が実線であること	11 区間を検査
OK	P0006	矢印の有無が 工程線の矢印 と一致	CSV=arrow / 実測=あり
OK	P0006	線色が 工程線の色 と一致	#d62728
OK	P0006	線の太さが 工程線の太さ と一致	2
OK	P0006	開始ノード丸の有無が 開始日ノード形状 と一致	CSV=(空) / 実測=あり
OK	P0006	終了ノード丸の有無が 終了日ノード形状 と一致	CSV=(空) / 実測=あり
OK	P0006	開始ノード丸の位置	(504, 406) / 期待 (504, 406)
OK	P0006	終了ノード丸の位置	(768, 322) / 期待 (768, 322)
OK	P0006	工程線名が描かれていること	B3
OK	P0006	文字サイズ ＝ textSize M	13
OK	P0007	path の d が解析できること	16 区間
OK	P0007	始点 x ＝ dayIndex(開始日)×DAY_W	実測 48 / 期待 48
OK	P0007	始点 y ＝ 開始行の中央	実測 574 / 期待 574
OK	P0007	終点 x ＝ (dayIndex(終了日)+1)×DAY_W	実測 384 / 期待 384
OK	P0007	終点 y ＝ 終了行の中央	実測 462 / 期待 462
OK	P0007	区間が連続していること	
OK	P0007	土日区間が点線・稼働日区間が実線であること	14 区間を検査
OK	P0007	矢印の有無が 工程線の矢印 と一致	CSV=arrow / 実測=あり
OK	P0007	線色が 工程線の色 と一致	#2ca02c
OK	P0007	線の太さが 工程線の太さ と一致	2.5
OK	P0007	開始ノード丸の有無が 開始日ノード形状 と一致	CSV=(空) / 実測=あり
OK	P0007	終了ノード丸の有無が 終了日ノード形状 と一致	CSV=(空) / 実測=あり
OK	P0007	開始ノード丸の位置	(48, 574) / 期待 (48, 574)
OK	P0007	終了ノード丸の位置	(384, 462) / 期待 (384, 462)
OK	P0007	工程線名が描かれていること	C1
OK	P0007	文字サイズ ＝ textSize M	13
OK	P0008	path の d が解析できること	15 区間
OK	P0008	始点 x ＝ dayIndex(開始日)×DAY_W	実測 384 / 期待 384
OK	P0008	始点 y ＝ 開始行の中央	実測 462 / 期待 462
OK	P0008	終点 x ＝ (dayIndex(終了日)+1)×DAY_W	実測 696 / 期待 696
OK	P0008	終点 y ＝ 終了行の中央	実測 630 / 期待 630
OK	P0008	区間が連続していること	
OK	P0008	土日区間が点線・稼働日区間が実線であること	13 区間を検査
OK	P0008	矢印の有無が 工程線の矢印 と一致	CSV=arrow / 実測=あり
OK	P0008	線色が 工程線の色 と一致	#2ca02c
OK	P0008	線の太さが 工程線の太さ と一致	2
OK	P0008	開始ノード丸の有無が 開始日ノード形状 と一致	CSV=(空) / 実測=あり
OK	P0008	終了ノード丸の有無が 終了日ノード形状 と一致	CSV=(空) / 実測=あり
OK	P0008	開始ノード丸の位置	(384, 462) / 期待 (384, 462)
OK	P0008	終了ノード丸の位置	(696, 630) / 期待 (696, 630)
OK	P0008	工程線名が描かれていること	C2
OK	P0008	文字サイズ ＝ textSize M	13
OK	P0009	path の d が解析できること	9 区間
OK	P0009	始点 x ＝ dayIndex(開始日)×DAY_W	実測 696 / 期待 696
OK	P0009	始点 y ＝ 開始行の中央	実測 630 / 期待 630
OK	P0009	終点 x ＝ (dayIndex(終了日)+1)×DAY_W	実測 912 / 期待 912
OK	P0009	終点 y ＝ 終了行の中央	実測 518 / 期待 518
OK	P0009	区間が連続していること	
OK	P0009	土日区間が点線・稼働日区間が実線であること	9 区間を検査
OK	P0009	矢印の有無が 工程線の矢印 と一致	CSV=none / 実測=なし
OK	P0009	線色が 工程線の色 と一致	#2ca02c
OK	P0009	線の太さが 工程線の太さ と一致	2
OK	P0009	開始ノード丸の有無が 開始日ノード形状 と一致	CSV=(空) / 実測=あり
OK	P0009	終了ノード丸の有無が 終了日ノード形状 と一致	CSV=(空) / 実測=あり
OK	P0009	開始ノード丸の位置	(696, 630) / 期待 (696, 630)
OK	P0009	終了ノード丸の位置	(912, 518) / 期待 (912, 518)
OK	P0009	工程線名が描かれていること	C3
OK	P0009	文字サイズ ＝ textSize M	13
OK	P0010	path の d が解析できること	8 区間
OK	P0010	始点 x ＝ dayIndex(開始日)×DAY_W	実測 0 / 期待 0
OK	P0010	始点 y ＝ 開始行の中央	実測 742 / 期待 742
OK	P0010	終点 x ＝ (dayIndex(終了日)+1)×DAY_W	実測 168 / 期待 168
OK	P0010	終点 y ＝ 終了行の中央	実測 686 / 期待 686
OK	P0010	区間が連続していること	
OK	P0010	土日区間が点線・稼働日区間が実線であること	7 区間を検査
OK	P0010	矢印の有無が 工程線の矢印 と一致	CSV=arrow / 実測=あり
OK	P0010	線色が 工程線の色 と一致	#9467bd
OK	P0010	線の太さが 工程線の太さ と一致	2
OK	P0010	開始ノード丸の有無が 開始日ノード形状 と一致	CSV=(空) / 実測=あり
OK	P0010	終了ノード丸の有無が 終了日ノード形状 と一致	CSV=(空) / 実測=あり
OK	P0010	開始ノード丸の位置	(0, 742) / 期待 (0, 742)
OK	P0010	終了ノード丸の位置	(168, 686) / 期待 (168, 686)
OK	P0010	工程線名が描かれていること	D1
OK	P0010	文字サイズ ＝ textSize M	13
OK	P0011	path の d が解析できること	9 区間
OK	P0011	始点 x ＝ dayIndex(開始日)×DAY_W	実測 168 / 期待 168
OK	P0011	始点 y ＝ 開始行の中央	実測 686 / 期待 686
OK	P0011	終点 x ＝ (dayIndex(終了日)+1)×DAY_W	実測 360 / 期待 360
OK	P0011	終点 y ＝ 終了行の中央	実測 798 / 期待 798
OK	P0011	区間が連続していること	
OK	P0011	土日区間が点線・稼働日区間が実線であること	8 区間を検査
OK	P0011	矢印の有無が 工程線の矢印 と一致	CSV=arrow / 実測=あり
OK	P0011	線色が 工程線の色 と一致	#9467bd
OK	P0011	線の太さが 工程線の太さ と一致	2
OK	P0011	開始ノード丸の有無が 開始日ノード形状 と一致	CSV=(空) / 実測=あり
OK	P0011	終了ノード丸の有無が 終了日ノード形状 と一致	CSV=(空) / 実測=あり
OK	P0011	開始ノード丸の位置	(168, 686) / 期待 (168, 686)
OK	P0011	終了ノード丸の位置	(360, 798) / 期待 (360, 798)
OK	P0011	工程線名が描かれていること	D2
OK	P0011	文字サイズ ＝ textSize M	13
OK	P0012	path の d が解析できること	10 区間
OK	P0012	始点 x ＝ dayIndex(開始日)×DAY_W	実測 360 / 期待 360
OK	P0012	始点 y ＝ 開始行の中央	実測 798 / 期待 798
OK	P0012	終点 x ＝ (dayIndex(終了日)+1)×DAY_W	実測 576 / 期待 576
OK	P0012	終点 y ＝ 終了行の中央	実測 714 / 期待 714
OK	P0012	区間が連続していること	
OK	P0012	土日区間が点線・稼働日区間が実線であること	9 区間を検査
OK	P0012	矢印の有無が 工程線の矢印 と一致	CSV=arrow / 実測=あり
OK	P0012	線色が 工程線の色 と一致	#9467bd
OK	P0012	線の太さが 工程線の太さ と一致	2
OK	P0012	開始ノード丸の有無が 開始日ノード形状 と一致	CSV=(空) / 実測=あり
OK	P0012	終了ノード丸の有無が 終了日ノード形状 と一致	CSV=(空) / 実測=あり
OK	P0012	開始ノード丸の位置	(360, 798) / 期待 (360, 798)
OK	P0012	終了ノード丸の位置	(576, 714) / 期待 (576, 714)
OK	P0012	工程線名が描かれていること	D3
OK	P0012	文字サイズ ＝ textSize M	13
OK	P0013	path の d が解析できること	12 区間
OK	P0013	始点 x ＝ dayIndex(開始日)×DAY_W	実測 576 / 期待 576
OK	P0013	始点 y ＝ 開始行の中央	実測 714 / 期待 714
OK	P0013	終点 x ＝ (dayIndex(終了日)+1)×DAY_W	実測 840 / 期待 840
OK	P0013	終点 y ＝ 終了行の中央	実測 854 / 期待 854
OK	P0013	区間が連続していること	
OK	P0013	土日区間が点線・稼働日区間が実線であること	11 区間を検査
OK	P0013	矢印の有無が 工程線の矢印 と一致	CSV=arrow / 実測=あり
OK	P0013	線色が 工程線の色 と一致	#9467bd
OK	P0013	線の太さが 工程線の太さ と一致	2
OK	P0013	開始ノード丸の有無が 開始日ノード形状 と一致	CSV=(空) / 実測=あり
OK	P0013	終了ノード丸の有無が 終了日ノード形状 と一致	CSV=(空) / 実測=あり
OK	P0013	開始ノード丸の位置	(576, 714) / 期待 (576, 714)
OK	P0013	終了ノード丸の位置	(840, 854) / 期待 (840, 854)
OK	P0013	工程線名が描かれていること	D4
OK	P0013	文字サイズ ＝ textSize M	13
OK	P0014	path の d が解析できること	11 区間
OK	P0014	始点 x ＝ dayIndex(開始日)×DAY_W	実測 840 / 期待 840
OK	P0014	始点 y ＝ 開始行の中央	実測 854 / 期待 854
OK	P0014	終点 x ＝ (dayIndex(終了日)+1)×DAY_W	実測 1080 / 期待 1080
OK	P0014	終点 y ＝ 終了行の中央	実測 770 / 期待 770
OK	P0014	区間が連続していること	
OK	P0014	土日区間が点線・稼働日区間が実線であること	10 区間を検査
OK	P0014	矢印の有無が 工程線の矢印 と一致	CSV=none / 実測=なし
OK	P0014	線色が 工程線の色 と一致	#9467bd
OK	P0014	線の太さが 工程線の太さ と一致	2
OK	P0014	開始ノード丸の有無が 開始日ノード形状 と一致	CSV=(空) / 実測=あり
OK	P0014	終了ノード丸の有無が 終了日ノード形状 と一致	CSV=(空) / 実測=あり
OK	P0014	開始ノード丸の位置	(840, 854) / 期待 (840, 854)
OK	P0014	終了ノード丸の位置	(1080, 770) / 期待 (1080, 770)
OK	P0014	工程線名が描かれていること	D5
OK	P0014	文字サイズ ＝ textSize M	13
OK	P0015	path の d が解析できること	11 区間
OK	P0015	始点 x ＝ dayIndex(開始日)×DAY_W	実測 72 / 期待 72
OK	P0015	始点 y ＝ 開始行の中央	実測 966 / 期待 966
OK	P0015	終点 x ＝ (dayIndex(終了日)+1)×DAY_W	実測 336 / 期待 336
OK	P0015	終点 y ＝ 終了行の中央	実測 966 / 期待 966
OK	P0015	区間が連続していること	
OK	P0015	土日区間が点線・稼働日区間が実線であること	11 区間を検査
OK	P0015	矢印の有無が 工程線の矢印 と一致	CSV=arrow / 実測=あり
OK	P0015	線色が 工程線の色 と一致	#ff7f0e
OK	P0015	線の太さが 工程線の太さ と一致	1
OK	P0015	開始ノード丸の有無が 開始日ノード形状 と一致	CSV=(空) / 実測=あり
OK	P0015	終了ノード丸の有無が 終了日ノード形状 と一致	CSV=(空) / 実測=あり
OK	P0015	開始ノード丸の位置	(72, 966) / 期待 (72, 966)
OK	P0015	終了ノード丸の位置	(336, 966) / 期待 (336, 966)
OK	P0015	工程線名が描かれていること	E1
OK	P0015	文字サイズ ＝ textSize M	13
OK	P0016	path の d が解析できること	9 区間
OK	P0016	始点 x ＝ dayIndex(開始日)×DAY_W	実測 336 / 期待 336
OK	P0016	始点 y ＝ 開始行の中央	実測 966 / 期待 966
OK	P0016	終点 x ＝ (dayIndex(終了日)+1)×DAY_W	実測 552 / 期待 552
OK	P0016	終点 y ＝ 終了行の中央	実測 910 / 期待 910
OK	P0016	区間が連続していること	
OK	P0016	土日区間が点線・稼働日区間が実線であること	9 区間を検査
OK	P0016	矢印の有無が 工程線の矢印 と一致	CSV=arrow / 実測=あり
OK	P0016	線色が 工程線の色 と一致	#ff7f0e
OK	P0016	線の太さが 工程線の太さ と一致	2
OK	P0016	開始ノード丸の有無が 開始日ノード形状 と一致	CSV=(空) / 実測=あり
OK	P0016	終了ノード丸の有無が 終了日ノード形状 と一致	CSV=(空) / 実測=あり
OK	P0016	開始ノード丸の位置	(336, 966) / 期待 (336, 966)
OK	P0016	終了ノード丸の位置	(552, 910) / 期待 (552, 910)
OK	P0016	工程線名が描かれていること	E2
OK	P0016	文字サイズ ＝ textSize M	13
OK	P0017	path の d が解析できること	13 区間
OK	P0017	始点 x ＝ dayIndex(開始日)×DAY_W	実測 552 / 期待 552
OK	P0017	始点 y ＝ 開始行の中央	実測 910 / 期待 910
OK	P0017	終点 x ＝ (dayIndex(終了日)+1)×DAY_W	実測 864 / 期待 864
OK	P0017	終点 y ＝ 終了行の中央	実測 1022 / 期待 1022
OK	P0017	区間が連続していること	
OK	P0017	土日区間が点線・稼働日区間が実線であること	13 区間を検査
OK	P0017	矢印の有無が 工程線の矢印 と一致	CSV=arrow / 実測=あり
OK	P0017	線色が 工程線の色 と一致	#ff7f0e
OK	P0017	線の太さが 工程線の太さ と一致	2
OK	P0017	開始ノード丸の有無が 開始日ノード形状 と一致	CSV=(空) / 実測=あり
OK	P0017	終了ノード丸の有無が 終了日ノード形状 と一致	CSV=(空) / 実測=あり
OK	P0017	開始ノード丸の位置	(552, 910) / 期待 (552, 910)
OK	P0017	終了ノード丸の位置	(864, 1022) / 期待 (864, 1022)
OK	P0017	工程線名が描かれていること	E3
OK	P0017	文字サイズ ＝ textSize M	13
OK	P0018	左端 x ＝ 開始境界	実測 96 / 期待 96
OK	P0018	右端 x ＝ 終了境界	実測 432 / 期待 432
OK	P0018	中心 y ＝ 行の中央	実測 1106 / 期待 1106
OK	P0018	高さ ＝ boxS の規定値	実測 10 / 期待 10
OK	P0018	枠線色 ＝ 工程線の色	#8c564b
OK	P0018	開始ノード丸の有無が 開始日ノード形状 と一致	CSV=(空) / 実測=あり
OK	P0018	終了ノード丸の有無が 終了日ノード形状 と一致	CSV=(空) / 実測=あり
OK	P0018	開始ノード丸の位置	(96, 1106) / 期待 (96, 1106)
OK	P0018	終了ノード丸の位置	(432, 1106) / 期待 (432, 1106)
OK	P0018	工程線名が描かれていること	バー1
OK	P0018	文字サイズ ＝ textSize S	11
OK	P0019	左端 x ＝ 開始境界	実測 144 / 期待 144
OK	P0019	右端 x ＝ 終了境界	実測 576 / 期待 576
OK	P0019	中心 y ＝ 行の中央	実測 1134 / 期待 1134
OK	P0019	高さ ＝ boxM の規定値	実測 16 / 期待 16
OK	P0019	枠線色 ＝ 工程線の色	#8c564b
OK	P0019	開始ノード丸の有無が 開始日ノード形状 と一致	CSV=(空) / 実測=あり
OK	P0019	終了ノード丸の有無が 終了日ノード形状 と一致	CSV=(空) / 実測=あり
OK	P0019	開始ノード丸の位置	(144, 1134) / 期待 (144, 1134)
OK	P0019	終了ノード丸の位置	(576, 1134) / 期待 (576, 1134)
OK	P0019	工程線名が描かれていること	バー2
OK	P0019	文字サイズ ＝ textSize M	13
OK	P0020	左端 x ＝ 開始境界	実測 216 / 期待 216
OK	P0020	右端 x ＝ 終了境界	実測 744 / 期待 744
OK	P0020	中心 y ＝ 行の中央	実測 1162 / 期待 1162
OK	P0020	高さ ＝ boxL の規定値	実測 22 / 期待 22
OK	P0020	枠線色 ＝ 工程線の色	#8c564b
OK	P0020	開始ノード丸の有無が 開始日ノード形状 と一致	CSV=(空) / 実測=あり
OK	P0020	終了ノード丸の有無が 終了日ノード形状 と一致	CSV=(空) / 実測=あり
OK	P0020	開始ノード丸の位置	(216, 1162) / 期待 (216, 1162)
OK	P0020	終了ノード丸の位置	(744, 1162) / 期待 (744, 1162)
OK	P0020	工程線名が描かれていること	バー3
OK	P0020	文字サイズ ＝ textSize L	16
OK	P0021	左端 x ＝ 開始境界	実測 120 / 期待 120
OK	P0021	右端 x ＝ 終了境界	実測 480 / 期待 480
OK	P0021	中心 y ＝ 行の中央	実測 1190 / 期待 1190
OK	P0021	高さ ＝ barAutoAdjust の規定値	実測 14 / 期待 14
OK	P0021	開始ノード丸の有無が 開始日ノード形状 と一致	CSV=none / 実測=なし
OK	P0021	終了ノード丸の有無が 終了日ノード形状 と一致	CSV=none / 実測=なし
OK	P0021	工程線名が描かれていること	バー4
OK	P0021	文字サイズ ＝ textSize M	13
OK	P0022	左端 x ＝ 開始境界	実測 480 / 期待 480
OK	P0022	右端 x ＝ 終了境界	実測 936 / 期待 936
OK	P0022	中心 y ＝ 行の中央	実測 1218 / 期待 1218
OK	P0022	高さ ＝ barAutoAdjust の規定値	実測 14 / 期待 14
OK	P0022	開始ノード丸の有無が 開始日ノード形状 と一致	CSV=none / 実測=なし
OK	P0022	終了ノード丸の有無が 終了日ノード形状 と一致	CSV=none / 実測=なし
OK	P0022	工程線名が描かれていること	バー5
OK	P0022	文字サイズ ＝ textSize M	13
OK	P0023	左端 x ＝ 開始境界	実測 264 / 期待 264
OK	P0023	右端 x ＝ 終了境界	実測 792 / 期待 792
OK	P0023	中心 y ＝ 行の中央	実測 1274 / 期待 1274
OK	P0023	高さ ＝ barProcessNameAdjust の規定値	実測 8 / 期待 8
OK	P0023	開始ノード丸の有無が 開始日ノード形状 と一致	CSV=none / 実測=なし
OK	P0023	終了ノード丸の有無が 終了日ノード形状 と一致	CSV=none / 実測=なし
OK	P0023	工程線名が描かれていること	バー6
OK	P0023	文字サイズ ＝ textSize M	13
OK	格子	土日列の背景の本数	実測 11 / 期待 11
OK	格子	土日列の位置と幅	

OK	xlsx	シート T10_Layout があること	
OK	xlsx	シート _data があること	
OK	xlsx	シート 使い方 があること	
OK	xlsx	_data が非表示であること	hidden
OK	xlsx	T10_Layout がシート保護されていること	{"sheet":true}
OK	xlsx	行 2 の日付が表示期間と 1 日ずつ一致	40 列
OK	xlsx	行 3 の曜日列が同じ日付を指すこと	
OK	xlsx	土日列が薄灰であること	
OK	xlsx	行 2 の表示書式が d	d
OK	xlsx	行 3 の表示書式が aaa	aaa
OK	xlsx	行 1 の各日付列が自分の月を指すこと	40 列
OK	xlsx	行 1 の月見出しが月ごとに結合されていること	結合の塊 2 / 月数 2
OK	xlsx	1 行 1 工程で工程線名が一致	23 行
OK	xlsx	C/D が CSV の開始日・終了日と一致（日付部分）	
OK	xlsx	C/D だけが編集可（locked=false）	
OK	xlsx	C/D に入力規則があること	
OK	xlsx	A 列は編集不可のままであること	
OK	xlsx	条件付き書式が工程数だけあること	実測 23 / 期待 23
OK	xlsx	各行の条件付き書式の式と塗り色が正しいこと	23 行
OK	xlsx	_data の 1 列目が 工程ID	工程ID
OK	xlsx	_data が元 CSV の見出しを列順どおり保持	124 列 / 元 124 列
OK	xlsx	_data の全セルが元 CSV と等価	23 行
