
=== 受け入れ 1（PDF 照合の代替）: 2026/09/01–10/10 で描画 ===
   PDF 1 頁目と 23 工程を突き合わせる（照合は tools/compare-pdf.py が担当）。
PASS  工程 23 件を読み込んだ  — 23 件
PASS  見出し 124 列を読み込んだ  — 124 列
PASS  23 件すべてを描画した  — 描画 23 / 除外 0
      SVG 検査: 330/330 OK
PASS  SVG 検査が全件 OK
      CSV に無く埋めた箇所: 24 件（うち要確認の推定 3 件）
        推定 関係線:関係１(関係１) 関係線の x と色 = 上側ノードの x / 灰色
        推定 t00an4117fvj98tp203tgn4s(D4) gate の中間ノードの行 = 27
        推定 hlb7z0icyjst6kbyqhsk2sik(D5) gate の中間ノードの行 = 32
PASS  埋めた箇所すべてに 項目・規則・理由 が記録されている  — 24 件
PASS  要確認の推定が記録されている  — 3 件
      SVG 検査(PDF期間): 330/330 OK
PASS  PDF と同じ期間でも SVG 検査が全件 OK

=== 追加検査: gate 中間行の手入力で上書きできる ===
PASS  手入力した gate は「手入力」として記録される  — manual,manual
      SVG 検査(手入力): 330/330 OK
PASS  手入力しても SVG 検査が全件 OK

=== 受け入れ 2（画面スクショ照合の代替）: 2026/09/01–09/30 ===
      SVG 検査: 308/308 OK
PASS  SVG 検査が全件 OK
      描画 21 件 / 期間外で除外 2 件

=== 受け入れ 3: xlsx を書き出して読み戻し検査 ===
   ※ 01_設計A 6 章は未提供なので、検査項目は共通仕様 4 章・6〜7 章と設計B 5.3 から導いた。
      xlsx 検査: 25/25 OK
PASS  xlsx 検査が全件 OK
PASS  xlsx バッファを生成した
PASS  ファイル名が <CSV名>_<Start>-<End>.xlsx  — サポートルーム_サンプル工程表_20260901-20261010.xlsx
PASS  xlsx が ZIP として妥当  — 19771 bytes
      書き出し: out/サポートルーム_サンプル工程表_20260901-20261010.xlsx (19771 bytes)

=== 受け入れ 4: 工程行を複製して 24 本にした CSV ===
PASS  工程 24 件を読み込んだ  — 24 件
PASS  24 件すべてを描画した  — 描画 24
      SVG 検査: 346/346 OK
PASS  SVG 検査が全件 OK
      xlsx 検査: 25/25 OK
PASS  xlsx 検査が全件 OK

=== 追加検査: 合成 CSV（日付・色・IDが全て別物）でも動く ===
   共通仕様 禁止事項 1「サンプル固有値をコードに埋めない」の確認。
PASS  合成 CSV も 23 件描画した  — 描画 23
      SVG 検査: 336/336 OK
PASS  合成 CSV で SVG 検査が全件 OK
      xlsx 検査: 25/25 OK
PASS  合成 CSV で xlsx 検査が全件 OK

=== 追加検査: 画面の作り ===
PASS  ログは既定で畳まれている（DOM が膨らまない）  — 40 要素
PASS  「OK の N 件を見る」で初めて表が組まれる  — 40 → 1693 要素
PASS  状態バーに要約が出ている  — 工程 23 件 | 描画 23 件 | 図の検査 330/330 OK | xlsx の検査 25/25 OK | 警告 2 件 | 要確認の推定 3 件 ▸
PASS  状態バーに要確認の推定の件数が出ている
PASS  凡例は［推定を表示］のときだけ出る  — none → flex → none
PASS  推定の目印は押したときだけ見える
PASS  推定の目印が図に入っている  — 20 件
PASS  工程にマウスオーバー用の説明が付いている  — 23 件

=== 受け入れ 5: file:// ＋ オフラインで全機能が動く ===
PASS  file:// で開いた  — file:///home/user/C-bet/project-g/%E3%83%97%E3%83%AD%E3%82%B8%E3%82%A7%E3%82%AF%E3%83%88G_%E5%B7%A5%E7%A8%8B%E8%A1%A8%E3%83%84%E3%83%BC%E3%83%AB.html
PASS  外部通信が 1 本も出ていない  — 0 本
PASS  JS エラーが出ていない

=== 追加検査: 異常系 ===
PASS  必須列が無い CSV はエラーになる  — CSV: 必須列がありません → 工程線の形状
PASS  フックが生きている

ALL PASS
