OK	nsrz7bcx8yxxrv8k3qc4i6mk	path の d が解析できること	5 区間
OK	nsrz7bcx8yxxrv8k3qc4i6mk	始点 x ＝ dayIndex(開始日)×DAY_W	実測 336 / 期待 336
OK	nsrz7bcx8yxxrv8k3qc4i6mk	始点 y ＝ 開始行の中央	実測 210 / 期待 210
OK	nsrz7bcx8yxxrv8k3qc4i6mk	終点 x ＝ (dayIndex(終了日)+1)×DAY_W	実測 432 / 期待 432
OK	nsrz7bcx8yxxrv8k3qc4i6mk	終点 y ＝ 終了行の中央	実測 126 / 期待 126
OK	nsrz7bcx8yxxrv8k3qc4i6mk	区間が連続していること	
OK	nsrz7bcx8yxxrv8k3qc4i6mk	土日区間が点線・稼働日区間が実線であること	4 区間を検査
OK	nsrz7bcx8yxxrv8k3qc4i6mk	矢印の有無が 工程線の矢印 と一致	CSV=arrow / 実測=あり
OK	nsrz7bcx8yxxrv8k3qc4i6mk	線色が 工程線の色 と一致	#ec635e
OK	nsrz7bcx8yxxrv8k3qc4i6mk	線の太さが 工程線の太さ と一致	1.5
OK	nsrz7bcx8yxxrv8k3qc4i6mk	開始ノード丸の有無が 開始日ノード形状 と一致	CSV=(空) / 実測=あり
OK	nsrz7bcx8yxxrv8k3qc4i6mk	終了ノード丸の有無が 終了日ノード形状 と一致	CSV=(空) / 実測=あり
OK	nsrz7bcx8yxxrv8k3qc4i6mk	開始ノード丸の位置	(336, 210) / 期待 (336, 210)
OK	nsrz7bcx8yxxrv8k3qc4i6mk	終了ノード丸の位置	(432, 126) / 期待 (432, 126)
OK	nsrz7bcx8yxxrv8k3qc4i6mk	工程線名が描かれていること	A2
OK	nsrz7bcx8yxxrv8k3qc4i6mk	文字サイズ ＝ textSize L	22.847 / 期待 22.85
OK	dk8trfwvr4zzrgf6eph3zp81	path の d が解析できること	14 区間
OK	dk8trfwvr4zzrgf6eph3zp81	始点 x ＝ dayIndex(開始日)×DAY_W	実測 144 / 期待 144
OK	dk8trfwvr4zzrgf6eph3zp81	始点 y ＝ 開始行の中央	実測 686 / 期待 686
OK	dk8trfwvr4zzrgf6eph3zp81	終点 x ＝ (dayIndex(終了日)+1)×DAY_W	実測 432 / 期待 432
OK	dk8trfwvr4zzrgf6eph3zp81	終点 y ＝ 終了行の中央	実測 686 / 期待 686
OK	dk8trfwvr4zzrgf6eph3zp81	区間が連続していること	
OK	dk8trfwvr4zzrgf6eph3zp81	土日区間が点線・稼働日区間が実線であること	12 区間を検査
OK	dk8trfwvr4zzrgf6eph3zp81	矢印の有無が 工程線の矢印 と一致	CSV=arrow / 実測=あり
OK	dk8trfwvr4zzrgf6eph3zp81	線色が 工程線の色 と一致	#f9df70
OK	dk8trfwvr4zzrgf6eph3zp81	線の太さが 工程線の太さ と一致	1.5
OK	dk8trfwvr4zzrgf6eph3zp81	開始ノード丸の有無が 開始日ノード形状 と一致	CSV=(空) / 実測=あり
OK	dk8trfwvr4zzrgf6eph3zp81	終了ノード丸の有無が 終了日ノード形状 と一致	CSV=(空) / 実測=あり
OK	dk8trfwvr4zzrgf6eph3zp81	開始ノード丸の位置	(144, 686) / 期待 (144, 686)
OK	dk8trfwvr4zzrgf6eph3zp81	終了ノード丸の位置	(432, 686) / 期待 (432, 686)
OK	dk8trfwvr4zzrgf6eph3zp81	工程線名が描かれていること	D1
OK	dk8trfwvr4zzrgf6eph3zp81	文字サイズ ＝ textSize L	22.847 / 期待 22.85
OK	oto4dg5opkvf736ru8taatv6	path の d が解析できること	5 区間
OK	oto4dg5opkvf736ru8taatv6	始点 x ＝ dayIndex(開始日)×DAY_W	実測 144 / 期待 144
OK	oto4dg5opkvf736ru8taatv6	始点 y ＝ 開始行の中央	実測 854 / 期待 854
OK	oto4dg5opkvf736ru8taatv6	終点 x ＝ (dayIndex(終了日)+1)×DAY_W	実測 264 / 期待 264
OK	oto4dg5opkvf736ru8taatv6	終点 y ＝ 終了行の中央	実測 854 / 期待 854
OK	oto4dg5opkvf736ru8taatv6	区間が連続していること	
OK	oto4dg5opkvf736ru8taatv6	土日区間が点線・稼働日区間が実線であること	5 区間を検査
OK	oto4dg5opkvf736ru8taatv6	矢印の有無が 工程線の矢印 と一致	CSV=arrow / 実測=あり
OK	oto4dg5opkvf736ru8taatv6	線色が 工程線の色 と一致	#8455f6
OK	oto4dg5opkvf736ru8taatv6	線の太さが 工程線の太さ と一致	1.5
OK	oto4dg5opkvf736ru8taatv6	開始ノード丸の有無が 開始日ノード形状 と一致	CSV=(空) / 実測=あり
OK	oto4dg5opkvf736ru8taatv6	終了ノード丸の有無が 終了日ノード形状 と一致	CSV=(空) / 実測=あり
OK	oto4dg5opkvf736ru8taatv6	開始ノード丸の位置	(144, 854) / 期待 (144, 854)
OK	oto4dg5opkvf736ru8taatv6	終了ノード丸の位置	(264, 854) / 期待 (264, 854)
OK	oto4dg5opkvf736ru8taatv6	工程線名が描かれていること	E1
OK	oto4dg5opkvf736ru8taatv6	文字サイズ ＝ textSize L	22.847 / 期待 22.85
OK	syrtgn50pfeh2x56y8pycl0i	path の d が解析できること	4 区間
OK	syrtgn50pfeh2x56y8pycl0i	始点 x ＝ dayIndex(開始日)×DAY_W	実測 264 / 期待 264
OK	syrtgn50pfeh2x56y8pycl0i	始点 y ＝ 開始行の中央	実測 854 / 期待 854
OK	syrtgn50pfeh2x56y8pycl0i	終点 x ＝ (dayIndex(終了日)+1)×DAY_W	実測 360 / 期待 360
OK	syrtgn50pfeh2x56y8pycl0i	終点 y ＝ 終了行の中央	実測 910 / 期待 910
OK	syrtgn50pfeh2x56y8pycl0i	区間が連続していること	
OK	syrtgn50pfeh2x56y8pycl0i	土日区間が点線・稼働日区間が実線であること	4 区間を検査
OK	syrtgn50pfeh2x56y8pycl0i	矢印の有無が 工程線の矢印 と一致	CSV=arrow / 実測=あり
OK	syrtgn50pfeh2x56y8pycl0i	線色が 工程線の色 と一致	#8455f6
OK	syrtgn50pfeh2x56y8pycl0i	線の太さが 工程線の太さ と一致	1.5
OK	syrtgn50pfeh2x56y8pycl0i	開始ノード丸の有無が 開始日ノード形状 と一致	CSV=(空) / 実測=あり
OK	syrtgn50pfeh2x56y8pycl0i	終了ノード丸の有無が 終了日ノード形状 と一致	CSV=(空) / 実測=あり
OK	syrtgn50pfeh2x56y8pycl0i	開始ノード丸の位置	(264, 854) / 期待 (264, 854)
OK	syrtgn50pfeh2x56y8pycl0i	終了ノード丸の位置	(360, 910) / 期待 (360, 910)
OK	syrtgn50pfeh2x56y8pycl0i	工程線名が描かれていること	E2
OK	syrtgn50pfeh2x56y8pycl0i	文字サイズ ＝ textSize L	22.847 / 期待 22.85
OK	s1u0md6momgam2gd5wvdn4ys	path の d が解析できること	3 区間
OK	s1u0md6momgam2gd5wvdn4ys	始点 x ＝ dayIndex(開始日)×DAY_W	実測 360 / 期待 360
OK	s1u0md6momgam2gd5wvdn4ys	始点 y ＝ 開始行の中央	実測 910 / 期待 910
OK	s1u0md6momgam2gd5wvdn4ys	終点 x ＝ (dayIndex(終了日)+1)×DAY_W	実測 432 / 期待 432
OK	s1u0md6momgam2gd5wvdn4ys	終点 y ＝ 終了行の中央	実測 854 / 期待 854
OK	s1u0md6momgam2gd5wvdn4ys	区間が連続していること	
OK	s1u0md6momgam2gd5wvdn4ys	土日区間が点線・稼働日区間が実線であること	3 区間を検査
OK	s1u0md6momgam2gd5wvdn4ys	矢印の有無が 工程線の矢印 と一致	CSV=arrow / 実測=あり
OK	s1u0md6momgam2gd5wvdn4ys	線色が 工程線の色 と一致	#8455f6
OK	s1u0md6momgam2gd5wvdn4ys	線の太さが 工程線の太さ と一致	1.5
OK	s1u0md6momgam2gd5wvdn4ys	開始ノード丸の有無が 開始日ノード形状 と一致	CSV=(空) / 実測=あり
OK	s1u0md6momgam2gd5wvdn4ys	終了ノード丸の有無が 終了日ノード形状 と一致	CSV=(空) / 実測=あり
OK	s1u0md6momgam2gd5wvdn4ys	開始ノード丸の位置	(360, 910) / 期待 (360, 910)
OK	s1u0md6momgam2gd5wvdn4ys	終了ノード丸の位置	(432, 854) / 期待 (432, 854)
OK	s1u0md6momgam2gd5wvdn4ys	工程線名が描かれていること	E3
OK	s1u0md6momgam2gd5wvdn4ys	文字サイズ ＝ textSize L	22.847 / 期待 22.85
OK	bjwmumxcko7gc9z8xszbmeg1	左端 x ＝ 開始境界	実測 264 / 期待 264
OK	bjwmumxcko7gc9z8xszbmeg1	右端 x ＝ 終了境界	実測 432 / 期待 432
OK	bjwmumxcko7gc9z8xszbmeg1	中心 y ＝ 行の中央	実測 1050 / 期待 1050
OK	bjwmumxcko7gc9z8xszbmeg1	高さ ＝ boxM の規定値	実測 38.07999999999993 / 期待 38.080000000000005
OK	bjwmumxcko7gc9z8xszbmeg1	枠線色 ＝ 工程線の色	#ed70c0
OK	bjwmumxcko7gc9z8xszbmeg1	開始ノード丸の有無が 開始日ノード形状 と一致	CSV=none / 実測=なし
OK	bjwmumxcko7gc9z8xszbmeg1	終了ノード丸の有無が 終了日ノード形状 と一致	CSV=none / 実測=なし
OK	bjwmumxcko7gc9z8xszbmeg1	工程線名が描かれていること	バー２
OK	bjwmumxcko7gc9z8xszbmeg1	文字サイズ ＝ textSize L	22.847 / 期待 22.85
OK	d8gth038ou5z9sdqsws41f4a	左端 x ＝ 開始境界	実測 432 / 期待 432
OK	d8gth038ou5z9sdqsws41f4a	右端 x ＝ 終了境界	実測 576 / 期待 576
OK	d8gth038ou5z9sdqsws41f4a	中心 y ＝ 行の中央	実測 1106 / 期待 1106
OK	d8gth038ou5z9sdqsws41f4a	高さ ＝ boxL の規定値	実測 45.92000000000007 / 期待 45.919999999999995
OK	d8gth038ou5z9sdqsws41f4a	枠線色 ＝ 工程線の色	#000000
OK	d8gth038ou5z9sdqsws41f4a	開始ノード丸の有無が 開始日ノード形状 と一致	CSV=none / 実測=なし
OK	d8gth038ou5z9sdqsws41f4a	終了ノード丸の有無が 終了日ノード形状 と一致	CSV=none / 実測=なし
OK	d8gth038ou5z9sdqsws41f4a	工程線名が描かれていること	バー３
OK	d8gth038ou5z9sdqsws41f4a	文字サイズ ＝ textSize L	22.847 / 期待 22.85
OK	wrrlfamddutxks0rs546w6hp	左端 x ＝ 開始境界	実測 576 / 期待 576
OK	wrrlfamddutxks0rs546w6hp	右端 x ＝ 終了境界	実測 696 / 期待 696
OK	wrrlfamddutxks0rs546w6hp	中心 y ＝ 行の中央	実測上端 1149.274 / 期待 1149.274
OK	wrrlfamddutxks0rs546w6hp	高さ ＝ barAutoAdjust の規定値	実測 25.452 / 期待 25.452
OK	wrrlfamddutxks0rs546w6hp	開始ノード丸の有無が 開始日ノード形状 と一致	CSV=none / 実測=なし
OK	wrrlfamddutxks0rs546w6hp	終了ノード丸の有無が 終了日ノード形状 と一致	CSV=none / 実測=なし
OK	wrrlfamddutxks0rs546w6hp	工程線名が描かれていること	バー４
OK	wrrlfamddutxks0rs546w6hp	文字サイズ ＝ textSize L	22.847 / 期待 22.85
OK	xrtojb94udpfhnqjb10fxoyb	左端 x ＝ 開始境界	実測 696 / 期待 696
OK	xrtojb94udpfhnqjb10fxoyb	右端 x ＝ 終了境界	実測 840 / 期待 840
OK	xrtojb94udpfhnqjb10fxoyb	中心 y ＝ 行の中央	実測上端 1177.274 / 期待 1177.274
OK	xrtojb94udpfhnqjb10fxoyb	高さ ＝ barAutoAdjust の規定値	実測 25.452 / 期待 25.452
OK	xrtojb94udpfhnqjb10fxoyb	開始ノード丸の有無が 開始日ノード形状 と一致	CSV=none / 実測=なし
OK	xrtojb94udpfhnqjb10fxoyb	終了ノード丸の有無が 終了日ノード形状 と一致	CSV=none / 実測=なし
OK	xrtojb94udpfhnqjb10fxoyb	工程線名が描かれていること	バー５
OK	xrtojb94udpfhnqjb10fxoyb	文字サイズ ＝ textSize L	22.847 / 期待 22.85
OK	wdhh8gl3bekvzls3uwrp9zh9	左端 x ＝ 開始境界	実測 840 / 期待 840
OK	wdhh8gl3bekvzls3uwrp9zh9	右端 x ＝ 終了境界	実測 912 / 期待 912
OK	wdhh8gl3bekvzls3uwrp9zh9	上端 y ＝ 行の中央	実測上端 1274 / 期待 1274
OK	wdhh8gl3bekvzls3uwrp9zh9	高さ ＝ barProcessNameAdjust の規定値	実測 12.74 / 期待 12.74
OK	wdhh8gl3bekvzls3uwrp9zh9	開始ノード丸の有無が 開始日ノード形状 と一致	CSV=none / 実測=なし
OK	wdhh8gl3bekvzls3uwrp9zh9	終了ノード丸の有無が 終了日ノード形状 と一致	CSV=none / 実測=なし
OK	wdhh8gl3bekvzls3uwrp9zh9	工程線名が描かれていること	バー６
OK	wdhh8gl3bekvzls3uwrp9zh9	文字サイズ ＝ textSize L	22.847 / 期待 22.85
OK	bpu1c9j31oy0l3t0ejaasr8y	path の d が解析できること	9 区間
OK	bpu1c9j31oy0l3t0ejaasr8y	始点 x ＝ dayIndex(開始日)×DAY_W	実測 432 / 期待 432
OK	bpu1c9j31oy0l3t0ejaasr8y	始点 y ＝ 開始行の中央	実測 462 / 期待 462
OK	bpu1c9j31oy0l3t0ejaasr8y	終点 x ＝ (dayIndex(終了日)+1)×DAY_W	実測 600 / 期待 600
OK	bpu1c9j31oy0l3t0ejaasr8y	終点 y ＝ 終了行の中央	実測 462 / 期待 462
OK	bpu1c9j31oy0l3t0ejaasr8y	区間が連続していること	
OK	bpu1c9j31oy0l3t0ejaasr8y	土日区間が点線・稼働日区間が実線であること	7 区間を検査
OK	bpu1c9j31oy0l3t0ejaasr8y	矢印の有無が 工程線の矢印 と一致	CSV=arrow / 実測=あり
OK	bpu1c9j31oy0l3t0ejaasr8y	線色が 工程線の色 と一致	#56bc6d
OK	bpu1c9j31oy0l3t0ejaasr8y	線の太さが 工程線の太さ と一致	1.5
OK	bpu1c9j31oy0l3t0ejaasr8y	開始ノード丸の有無が 開始日ノード形状 と一致	CSV=(空) / 実測=あり
OK	bpu1c9j31oy0l3t0ejaasr8y	終了ノード丸の有無が 終了日ノード形状 と一致	CSV=(空) / 実測=あり
OK	bpu1c9j31oy0l3t0ejaasr8y	開始ノード丸の位置	(432, 462) / 期待 (432, 462)
OK	bpu1c9j31oy0l3t0ejaasr8y	終了ノード丸の位置	(600, 462) / 期待 (600, 462)
OK	bpu1c9j31oy0l3t0ejaasr8y	工程線名が描かれていること	C2
OK	bpu1c9j31oy0l3t0ejaasr8y	文字サイズ ＝ textSize L	22.847 / 期待 22.85
OK	ugy4sphon1sz8n5udbza6ozz	path の d が解析できること	5 区間
OK	ugy4sphon1sz8n5udbza6ozz	始点 x ＝ dayIndex(開始日)×DAY_W	実測 600 / 期待 600
OK	ugy4sphon1sz8n5udbza6ozz	始点 y ＝ 開始行の中央	実測 798 / 期待 798
OK	ugy4sphon1sz8n5udbza6ozz	終点 x ＝ (dayIndex(終了日)+1)×DAY_W	実測 672 / 期待 672
OK	ugy4sphon1sz8n5udbza6ozz	終点 y ＝ 終了行の中央	実測 658 / 期待 658
OK	ugy4sphon1sz8n5udbza6ozz	区間が連続していること	
OK	ugy4sphon1sz8n5udbza6ozz	土日区間が点線・稼働日区間が実線であること	3 区間を検査
OK	ugy4sphon1sz8n5udbza6ozz	矢印の有無が 工程線の矢印 と一致	CSV=arrow / 実測=あり
OK	ugy4sphon1sz8n5udbza6ozz	線色が 工程線の色 と一致	#f9df70
OK	ugy4sphon1sz8n5udbza6ozz	線の太さが 工程線の太さ と一致	1.5
OK	ugy4sphon1sz8n5udbza6ozz	開始ノード丸の有無が 開始日ノード形状 と一致	CSV=(空) / 実測=あり
OK	ugy4sphon1sz8n5udbza6ozz	終了ノード丸の有無が 終了日ノード形状 と一致	CSV=(空) / 実測=あり
OK	ugy4sphon1sz8n5udbza6ozz	開始ノード丸の位置	(600, 798) / 期待 (600, 798)
OK	ugy4sphon1sz8n5udbza6ozz	終了ノード丸の位置	(672, 658) / 期待 (672, 658)
OK	ugy4sphon1sz8n5udbza6ozz	工程線名が描かれていること	D3
OK	ugy4sphon1sz8n5udbza6ozz	文字サイズ ＝ textSize L	22.847 / 期待 22.85
OK	t00an4117fvj98tp203tgn4s	path の d が解析できること	6 区間
OK	t00an4117fvj98tp203tgn4s	始点 x ＝ dayIndex(開始日)×DAY_W	実測 672 / 期待 672
OK	t00an4117fvj98tp203tgn4s	始点 y ＝ 開始行の中央	実測 658 / 期待 658
OK	t00an4117fvj98tp203tgn4s	終点 x ＝ (dayIndex(終了日)+1)×DAY_W	実測 768 / 期待 768
OK	t00an4117fvj98tp203tgn4s	終点 y ＝ 終了行の中央	実測 714 / 期待 714
OK	t00an4117fvj98tp203tgn4s	区間が連続していること	
OK	t00an4117fvj98tp203tgn4s	土日区間が点線・稼働日区間が実線であること	4 区間を検査
OK	t00an4117fvj98tp203tgn4s	矢印の有無が 工程線の矢印 と一致	CSV=arrow / 実測=あり
OK	t00an4117fvj98tp203tgn4s	線色が 工程線の色 と一致	#f9df70
OK	t00an4117fvj98tp203tgn4s	線の太さが 工程線の太さ と一致	1.5
OK	t00an4117fvj98tp203tgn4s	開始ノード丸の有無が 開始日ノード形状 と一致	CSV=(空) / 実測=あり
OK	t00an4117fvj98tp203tgn4s	終了ノード丸の有無が 終了日ノード形状 と一致	CSV=(空) / 実測=あり
OK	t00an4117fvj98tp203tgn4s	開始ノード丸の位置	(672, 658) / 期待 (672, 658)
OK	t00an4117fvj98tp203tgn4s	終了ノード丸の位置	(768, 714) / 期待 (768, 714)
OK	t00an4117fvj98tp203tgn4s	工程線名が描かれていること	D4
OK	t00an4117fvj98tp203tgn4s	文字サイズ ＝ textSize L	22.847 / 期待 22.85
OK	f3m0ajg94pgnrppjx9y89c0p	path の d が解析できること	9 区間
OK	f3m0ajg94pgnrppjx9y89c0p	始点 x ＝ dayIndex(開始日)×DAY_W	実測 600 / 期待 600
OK	f3m0ajg94pgnrppjx9y89c0p	始点 y ＝ 開始行の中央	実測 462 / 期待 462
OK	f3m0ajg94pgnrppjx9y89c0p	終点 x ＝ (dayIndex(終了日)+1)×DAY_W	実測 768 / 期待 768
OK	f3m0ajg94pgnrppjx9y89c0p	終点 y ＝ 終了行の中央	実測 602 / 期待 602
OK	f3m0ajg94pgnrppjx9y89c0p	区間が連続していること	
OK	f3m0ajg94pgnrppjx9y89c0p	土日区間が点線・稼働日区間が実線であること	9 区間を検査
OK	f3m0ajg94pgnrppjx9y89c0p	矢印の有無が 工程線の矢印 と一致	CSV=none / 実測=なし
OK	f3m0ajg94pgnrppjx9y89c0p	線色が 工程線の色 と一致	#56bc6d
OK	f3m0ajg94pgnrppjx9y89c0p	線の太さが 工程線の太さ と一致	1.5
OK	f3m0ajg94pgnrppjx9y89c0p	開始ノード丸の有無が 開始日ノード形状 と一致	CSV=(空) / 実測=あり
OK	f3m0ajg94pgnrppjx9y89c0p	終了ノード丸の有無が 終了日ノード形状 と一致	CSV=(空) / 実測=あり
OK	f3m0ajg94pgnrppjx9y89c0p	開始ノード丸の位置	(600, 462) / 期待 (600, 462)
OK	f3m0ajg94pgnrppjx9y89c0p	終了ノード丸の位置	(768, 602) / 期待 (768, 602)
OK	f3m0ajg94pgnrppjx9y89c0p	工程線名が描かれていること	C3
OK	f3m0ajg94pgnrppjx9y89c0p	文字サイズ ＝ textSize L	22.847 / 期待 22.85
OK	hlb7z0icyjst6kbyqhsk2sik	path の d が解析できること	8 区間
OK	hlb7z0icyjst6kbyqhsk2sik	始点 x ＝ dayIndex(開始日)×DAY_W	実測 768 / 期待 768
OK	hlb7z0icyjst6kbyqhsk2sik	始点 y ＝ 開始行の中央	実測 714 / 期待 714
OK	hlb7z0icyjst6kbyqhsk2sik	終点 x ＝ (dayIndex(終了日)+1)×DAY_W	実測 912 / 期待 912
OK	hlb7z0icyjst6kbyqhsk2sik	終点 y ＝ 終了行の中央	実測 826 / 期待 826
OK	hlb7z0icyjst6kbyqhsk2sik	区間が連続していること	
OK	hlb7z0icyjst6kbyqhsk2sik	土日区間が点線・稼働日区間が実線であること	6 区間を検査
OK	hlb7z0icyjst6kbyqhsk2sik	矢印の有無が 工程線の矢印 と一致	CSV=none / 実測=なし
OK	hlb7z0icyjst6kbyqhsk2sik	線色が 工程線の色 と一致	#eb473d
OK	hlb7z0icyjst6kbyqhsk2sik	線の太さが 工程線の太さ と一致	1.5
OK	hlb7z0icyjst6kbyqhsk2sik	開始ノード丸の有無が 開始日ノード形状 と一致	CSV=(空) / 実測=あり
OK	hlb7z0icyjst6kbyqhsk2sik	終了ノード丸の有無が 終了日ノード形状 と一致	CSV=(空) / 実測=あり
OK	hlb7z0icyjst6kbyqhsk2sik	開始ノード丸の位置	(768, 714) / 期待 (768, 714)
OK	hlb7z0icyjst6kbyqhsk2sik	終了ノード丸の位置	(912, 826) / 期待 (912, 826)
OK	hlb7z0icyjst6kbyqhsk2sik	工程線名が描かれていること	D5
OK	hlb7z0icyjst6kbyqhsk2sik	文字サイズ ＝ textSize L	22.847 / 期待 22.85
OK	bc932lgd0bvzc2rzqla02v79	左端 x ＝ 開始境界	実測 144 / 期待 144
OK	bc932lgd0bvzc2rzqla02v79	右端 x ＝ 終了境界	実測 264 / 期待 264
OK	bc932lgd0bvzc2rzqla02v79	中心 y ＝ 行の中央	実測 1022 / 期待 1022
OK	bc932lgd0bvzc2rzqla02v79	高さ ＝ boxS の規定値	実測 24.079999999999927 / 期待 24.08
OK	bc932lgd0bvzc2rzqla02v79	枠線色 ＝ 工程線の色	#8455f6
OK	bc932lgd0bvzc2rzqla02v79	開始ノード丸の有無が 開始日ノード形状 と一致	CSV=none / 実測=なし
OK	bc932lgd0bvzc2rzqla02v79	終了ノード丸の有無が 終了日ノード形状 と一致	CSV=none / 実測=なし
OK	bc932lgd0bvzc2rzqla02v79	工程線名が描かれていること	バー１
OK	bc932lgd0bvzc2rzqla02v79	文字サイズ ＝ textSize L	22.847 / 期待 22.85
OK	kxns99694trihve026c89fzq	path の d が解析できること	9 区間
OK	kxns99694trihve026c89fzq	始点 x ＝ dayIndex(開始日)×DAY_W	実測 432 / 期待 432
OK	kxns99694trihve026c89fzq	始点 y ＝ 開始行の中央	実測 686 / 期待 686
OK	kxns99694trihve026c89fzq	終点 x ＝ (dayIndex(終了日)+1)×DAY_W	実測 600 / 期待 600
OK	kxns99694trihve026c89fzq	終点 y ＝ 終了行の中央	実測 798 / 期待 798
OK	kxns99694trihve026c89fzq	区間が連続していること	
OK	kxns99694trihve026c89fzq	土日区間が点線・稼働日区間が実線であること	7 区間を検査
OK	kxns99694trihve026c89fzq	矢印の有無が 工程線の矢印 と一致	CSV=arrow / 実測=あり
OK	kxns99694trihve026c89fzq	線色が 工程線の色 と一致	#f9df70
OK	kxns99694trihve026c89fzq	線の太さが 工程線の太さ と一致	2.5
OK	kxns99694trihve026c89fzq	開始ノード丸の有無が 開始日ノード形状 と一致	CSV=(空) / 実測=あり
OK	kxns99694trihve026c89fzq	終了ノード丸の有無が 終了日ノード形状 と一致	CSV=(空) / 実測=あり
OK	kxns99694trihve026c89fzq	開始ノード丸の位置	(432, 686) / 期待 (432, 686)
OK	kxns99694trihve026c89fzq	終了ノード丸の位置	(600, 798) / 期待 (600, 798)
OK	kxns99694trihve026c89fzq	工程線名が描かれていること	D2
OK	kxns99694trihve026c89fzq	文字サイズ ＝ textSize L	22.847 / 期待 22.85
OK	k1aj014iomirmgxghw4mx34c	path の d が解析できること	5 区間
OK	k1aj014iomirmgxghw4mx34c	始点 x ＝ dayIndex(開始日)×DAY_W	実測 336 / 期待 336
OK	k1aj014iomirmgxghw4mx34c	始点 y ＝ 開始行の中央	実測 294 / 期待 294
OK	k1aj014iomirmgxghw4mx34c	終点 x ＝ (dayIndex(終了日)+1)×DAY_W	実測 432 / 期待 432
OK	k1aj014iomirmgxghw4mx34c	終点 y ＝ 終了行の中央	実測 378 / 期待 378
OK	k1aj014iomirmgxghw4mx34c	区間が連続していること	
OK	k1aj014iomirmgxghw4mx34c	土日区間が点線・稼働日区間が実線であること	5 区間を検査
OK	k1aj014iomirmgxghw4mx34c	矢印の有無が 工程線の矢印 と一致	CSV=arrow / 実測=あり
OK	k1aj014iomirmgxghw4mx34c	線色が 工程線の色 と一致	#1d49a7
OK	k1aj014iomirmgxghw4mx34c	線の太さが 工程線の太さ と一致	1
OK	k1aj014iomirmgxghw4mx34c	開始ノード丸の有無が 開始日ノード形状 と一致	CSV=(空) / 実測=あり
OK	k1aj014iomirmgxghw4mx34c	終了ノード丸の有無が 終了日ノード形状 と一致	CSV=(空) / 実測=あり
OK	k1aj014iomirmgxghw4mx34c	開始ノード丸の位置	(336, 294) / 期待 (336, 294)
OK	k1aj014iomirmgxghw4mx34c	終了ノード丸の位置	(432, 378) / 期待 (432, 378)
OK	k1aj014iomirmgxghw4mx34c	工程線名が描かれていること	B2
OK	k1aj014iomirmgxghw4mx34c	文字サイズ ＝ textSize XS	10.154 / 期待 10.15
OK	jgkbr61byrlqgda3nwzskdhm	path の d が解析できること	8 区間
OK	jgkbr61byrlqgda3nwzskdhm	始点 x ＝ dayIndex(開始日)×DAY_W	実測 432 / 期待 432
OK	jgkbr61byrlqgda3nwzskdhm	始点 y ＝ 開始行の中央	実測 378 / 期待 378
OK	jgkbr61byrlqgda3nwzskdhm	終点 x ＝ (dayIndex(終了日)+1)×DAY_W	実測 600 / 期待 600
OK	jgkbr61byrlqgda3nwzskdhm	終点 y ＝ 終了行の中央	実測 294 / 期待 294
OK	jgkbr61byrlqgda3nwzskdhm	区間が連続していること	
OK	jgkbr61byrlqgda3nwzskdhm	土日区間が点線・稼働日区間が実線であること	7 区間を検査
OK	jgkbr61byrlqgda3nwzskdhm	矢印の有無が 工程線の矢印 と一致	CSV=arrow / 実測=あり
OK	jgkbr61byrlqgda3nwzskdhm	線色が 工程線の色 と一致	#1d49a7
OK	jgkbr61byrlqgda3nwzskdhm	線の太さが 工程線の太さ と一致	1.5
OK	jgkbr61byrlqgda3nwzskdhm	開始ノード丸の有無が 開始日ノード形状 と一致	CSV=(空) / 実測=あり
OK	jgkbr61byrlqgda3nwzskdhm	終了ノード丸の有無が 終了日ノード形状 と一致	CSV=(空) / 実測=あり
OK	jgkbr61byrlqgda3nwzskdhm	開始ノード丸の位置	(432, 378) / 期待 (432, 378)
OK	jgkbr61byrlqgda3nwzskdhm	終了ノード丸の位置	(600, 294) / 期待 (600, 294)
OK	jgkbr61byrlqgda3nwzskdhm	工程線名が描かれていること	B3
OK	jgkbr61byrlqgda3nwzskdhm	文字サイズ ＝ textSize M	15.231 / 期待 15.23
OK	rf5s48r5wvaqo8w3u2mc2ie0	path の d が解析できること	11 区間
OK	rf5s48r5wvaqo8w3u2mc2ie0	始点 x ＝ dayIndex(開始日)×DAY_W	実測 432 / 期待 432
OK	rf5s48r5wvaqo8w3u2mc2ie0	始点 y ＝ 開始行の中央	実測 126 / 期待 126
OK	rf5s48r5wvaqo8w3u2mc2ie0	終点 x ＝ (dayIndex(終了日)+1)×DAY_W	実測 672 / 期待 672
OK	rf5s48r5wvaqo8w3u2mc2ie0	終点 y ＝ 終了行の中央	実測 238 / 期待 238
OK	rf5s48r5wvaqo8w3u2mc2ie0	区間が連続していること	
OK	rf5s48r5wvaqo8w3u2mc2ie0	土日区間が点線・稼働日区間が実線であること	10 区間を検査
OK	rf5s48r5wvaqo8w3u2mc2ie0	矢印の有無が 工程線の矢印 と一致	CSV=arrow / 実測=あり
OK	rf5s48r5wvaqo8w3u2mc2ie0	線色が 工程線の色 と一致	#ec635e
OK	rf5s48r5wvaqo8w3u2mc2ie0	線の太さが 工程線の太さ と一致	1.5
OK	rf5s48r5wvaqo8w3u2mc2ie0	開始ノード丸の有無が 開始日ノード形状 と一致	CSV=(空) / 実測=あり
OK	rf5s48r5wvaqo8w3u2mc2ie0	終了ノード丸の有無が 終了日ノード形状 と一致	CSV=(空) / 実測=あり
OK	rf5s48r5wvaqo8w3u2mc2ie0	開始ノード丸の位置	(432, 126) / 期待 (432, 126)
OK	rf5s48r5wvaqo8w3u2mc2ie0	終了ノード丸の位置	(672, 238) / 期待 (672, 238)
OK	rf5s48r5wvaqo8w3u2mc2ie0	工程線名が描かれていること	A3
OK	rf5s48r5wvaqo8w3u2mc2ie0	文字サイズ ＝ textSize L	22.847 / 期待 22.85
OK	vzo16fd1pf8yvzooqccn2cz0	path の d が解析できること	14 区間
OK	vzo16fd1pf8yvzooqccn2cz0	始点 x ＝ dayIndex(開始日)×DAY_W	実測 144 / 期待 144
OK	vzo16fd1pf8yvzooqccn2cz0	始点 y ＝ 開始行の中央	実測 574 / 期待 574
OK	vzo16fd1pf8yvzooqccn2cz0	終点 x ＝ (dayIndex(終了日)+1)×DAY_W	実測 432 / 期待 432
OK	vzo16fd1pf8yvzooqccn2cz0	終点 y ＝ 終了行の中央	実測 462 / 期待 462
OK	vzo16fd1pf8yvzooqccn2cz0	区間が連続していること	
OK	vzo16fd1pf8yvzooqccn2cz0	土日区間が点線・稼働日区間が実線であること	12 区間を検査
OK	vzo16fd1pf8yvzooqccn2cz0	矢印の有無が 工程線の矢印 と一致	CSV=arrow / 実測=あり
OK	vzo16fd1pf8yvzooqccn2cz0	線色が 工程線の色 と一致	#56bc6d
OK	vzo16fd1pf8yvzooqccn2cz0	線の太さが 工程線の太さ と一致	1.5
OK	vzo16fd1pf8yvzooqccn2cz0	開始ノード丸の有無が 開始日ノード形状 と一致	CSV=(空) / 実測=あり
OK	vzo16fd1pf8yvzooqccn2cz0	終了ノード丸の有無が 終了日ノード形状 と一致	CSV=(空) / 実測=あり
OK	vzo16fd1pf8yvzooqccn2cz0	開始ノード丸の位置	(144, 574) / 期待 (144, 574)
OK	vzo16fd1pf8yvzooqccn2cz0	終了ノード丸の位置	(432, 462) / 期待 (432, 462)
OK	vzo16fd1pf8yvzooqccn2cz0	工程線名が描かれていること	C1
OK	vzo16fd1pf8yvzooqccn2cz0	文字サイズ ＝ textSize L	22.847 / 期待 22.85
OK	uey9htvf2ij2zetnm3fc0ze6	path の d が解析できること	9 区間
OK	uey9htvf2ij2zetnm3fc0ze6	始点 x ＝ dayIndex(開始日)×DAY_W	実測 144 / 期待 144
OK	uey9htvf2ij2zetnm3fc0ze6	始点 y ＝ 開始行の中央	実測 294 / 期待 294
OK	uey9htvf2ij2zetnm3fc0ze6	終点 x ＝ (dayIndex(終了日)+1)×DAY_W	実測 336 / 期待 336
OK	uey9htvf2ij2zetnm3fc0ze6	終点 y ＝ 終了行の中央	実測 294 / 期待 294
OK	uey9htvf2ij2zetnm3fc0ze6	区間が連続していること	
OK	uey9htvf2ij2zetnm3fc0ze6	土日区間が点線・稼働日区間が実線であること	8 区間を検査
OK	uey9htvf2ij2zetnm3fc0ze6	矢印の有無が 工程線の矢印 と一致	CSV=arrow / 実測=あり
OK	uey9htvf2ij2zetnm3fc0ze6	線色が 工程線の色 と一致	#1d49a7
OK	uey9htvf2ij2zetnm3fc0ze6	線の太さが 工程線の太さ と一致	2.5
OK	uey9htvf2ij2zetnm3fc0ze6	開始ノード丸の有無が 開始日ノード形状 と一致	CSV=(空) / 実測=あり
OK	uey9htvf2ij2zetnm3fc0ze6	終了ノード丸の有無が 終了日ノード形状 と一致	CSV=(空) / 実測=あり
OK	uey9htvf2ij2zetnm3fc0ze6	開始ノード丸の位置	(144, 294) / 期待 (144, 294)
OK	uey9htvf2ij2zetnm3fc0ze6	終了ノード丸の位置	(336, 294) / 期待 (336, 294)
OK	uey9htvf2ij2zetnm3fc0ze6	工程線名が描かれていること	B1
OK	uey9htvf2ij2zetnm3fc0ze6	文字サイズ ＝ textSize XL	30.462 / 期待 30.46
OK	u1plk0lkn7gwl6gi62j8ny0n	path の d が解析できること	9 区間
OK	u1plk0lkn7gwl6gi62j8ny0n	始点 x ＝ dayIndex(開始日)×DAY_W	実測 144 / 期待 144
OK	u1plk0lkn7gwl6gi62j8ny0n	始点 y ＝ 開始行の中央	実測 210 / 期待 210
OK	u1plk0lkn7gwl6gi62j8ny0n	終点 x ＝ (dayIndex(終了日)+1)×DAY_W	実測 336 / 期待 336
OK	u1plk0lkn7gwl6gi62j8ny0n	終点 y ＝ 終了行の中央	実測 210 / 期待 210
OK	u1plk0lkn7gwl6gi62j8ny0n	区間が連続していること	
OK	u1plk0lkn7gwl6gi62j8ny0n	土日区間が点線・稼働日区間が実線であること	8 区間を検査
OK	u1plk0lkn7gwl6gi62j8ny0n	矢印の有無が 工程線の矢印 と一致	CSV=arrow / 実測=あり
OK	u1plk0lkn7gwl6gi62j8ny0n	線色が 工程線の色 と一致	#ec635e
OK	u1plk0lkn7gwl6gi62j8ny0n	線の太さが 工程線の太さ と一致	1.5
OK	u1plk0lkn7gwl6gi62j8ny0n	開始ノード丸の有無が 開始日ノード形状 と一致	CSV=(空) / 実測=あり
OK	u1plk0lkn7gwl6gi62j8ny0n	終了ノード丸の有無が 終了日ノード形状 と一致	CSV=(空) / 実測=あり
OK	u1plk0lkn7gwl6gi62j8ny0n	開始ノード丸の位置	(144, 210) / 期待 (144, 210)
OK	u1plk0lkn7gwl6gi62j8ny0n	終了ノード丸の位置	(336, 210) / 期待 (336, 210)
OK	u1plk0lkn7gwl6gi62j8ny0n	工程線名が描かれていること	A1
OK	u1plk0lkn7gwl6gi62j8ny0n	文字サイズ ＝ textSize L	22.847 / 期待 22.85
OK	格子	休日列（土日＋祝日）の背景の本数	実測 14 / 期待 14
OK	格子	休日列の位置と幅	
OK	推定	推定で埋めた工程に DOM の印が付いていること	2 件に印
OK	推定	記録に項目・規則・理由がそろっていること	24 件
OK	推定	gate の横線の行が必ず決まっていること	
OK	推定	規則で埋めた gate がすべて記録されていること	規則で埋めた 2 件 / 記録 2 件
OK	格子	休日の計算が CSV の 休日 列と一致	23 件を検算

OK	xlsx	シート T10_Layout があること	
OK	xlsx	シート _data があること	
OK	xlsx	シート 使い方 があること	
OK	xlsx	_data が非表示であること	hidden
OK	xlsx	T10_Layout がシート保護されていること	{"sheet":true}
OK	xlsx	行 2 の日付が表示期間と 1 日ずつ一致	40 列
OK	xlsx	行 3 の曜日列が同じ日付を指すこと	
OK	xlsx	休日列（土日＋祝日）が薄灰であること	
OK	xlsx	行 2 の表示書式が d	d
OK	xlsx	行 3 の表示書式が aaa	aaa
OK	xlsx	行 1 の各日付列が自分の月を指すこと	40 列
OK	xlsx	行 1 の月見出しが月ごとに結合されていること	結合の塊 2 / 月数 2
OK	xlsx	1 行 1 工程で工程線名が一致	23 行
OK	xlsx	C/D が CSV の開始日・終了日と一致（日付部分）	
OK	xlsx	C/D だけが編集可（locked=false）	
OK	xlsx	C/D に入力規則があること	
OK	xlsx	A 列は編集不可のままであること	
OK	xlsx	条件付き書式が工程数だけあること	実測 23 / 期待 23
OK	xlsx	各行の条件付き書式の式と塗り色が正しいこと	23 行
OK	xlsx	_data に推定の記録があること	_estimates
OK	xlsx	推定の記録が全件 xlsx に書かれていること	24 / 24 件
OK	xlsx	_data の A 列が NETWORKDAYS 用の祝日一覧	祝日
OK	xlsx	_data の 1 列目が 工程ID	工程ID
OK	xlsx	_data が元 CSV の見出しを列順どおり保持	124 列 / 元 124 列
OK	xlsx	_data の全セルが元 CSV と等価	23 行
